deploy ok                                     exit=0 command="deploy"
deploy skipped (same version running)         exit=0 command="deploy"
undeploy ok                                   exit=0 command="undeploy"
usage: unknown flag                           exit=2 command="deploy"
usage: unknown command                        exit=2 command=""
usage: missing required flag                  exit=2 command="deploy"
usage: missing credentials                    exit=2 command="deploy"
usage: invalid artifact type                  exit=2 command="deploy"
usage: invalid output format                  exit=2 (text output)
usage: configure without config path          exit=2 command="configure"
auth: tenant returns 401                      exit=3 command="deploy"
auth: oauth token request fails               exit=3 command="deploy"
tenant http: 500                              exit=4 command="deploy"
tenant http: unreachable                      exit=4 command="undeploy"
deploy failed: build task FAIL                exit=5 command="deploy"
deploy failed: designtime artifact missing    exit=5 command="deploy"
timeout: deploy still starting                exit=6 command="deploy"
timeout: undeploy never completes             exit=6 command="undeploy"
partial: deploy one of two                    exit=7 command="deploy"
partial: pd-deploy with unreadable PID        exit=7 command="pd-deploy"
